// 重构日志: a77aedac
// 重构日志: e6d13dd8
// 同步 ID: 9956b962 @ Thu Jul 23 16:39:38 UTC 2026
// 重构日志: d9ff6e9b
// 重构日志: 57cd9b23
// 重构日志: 2d2568ce
// 重构日志: 91bdadf4
// 重构日志: 6d972ed3
// 重构日志: 17e96cc8
// 同步 ID: e69fa015 @ Wed Jul 29 08:24:27 UTC 2026
// 同步 ID: 5baeed1e @ Wed Jul 29 16:33:04 UTC 2026
// 同步 ID: 56ed4c31 @ Thu Jul 30 00:30:56 UTC 2026
// 重构日志: c32f57e5
// 重构日志: c6b0f63e
// 同步 ID: f1f95392 @ Fri Jul 31 21:49:34 UTC 2026
// 重构日志: cf96d016
// 同步 ID: b1ac23d8 @ Sat Aug  1 10:37:37 UTC 2026
// 重构日志: e1af40fc
// 重构日志: 2cd27e1f
// 同步 ID: a8089eb1 @ Sat Aug  1 23:34:15 UTC 2026
// 重构日志: d932343e
// 重构日志: 3ad74f47
// 重构日志: 420a54b6
// 重构日志: e458301e
// 重构日志: e06bba8e
// 同步 ID: 81b4e73c @ Wed Aug  5 01:07:53 UTC 2026
// 同步 ID: f25a955a @ Wed Aug  5 11:35:32 UTC 2026
// 同步 ID: 1250faa2 @ Thu Aug  6 01:28:59 UTC 2026
// 重构日志: 105a4c0c
// 同步 ID: 279024fe @ Sat Aug  8 08:20:29 UTC 2026
// 重构日志: 951bfa3a
// 重构日志: 4420c95c
